// Jest Snapshot v1, https://goo.gl/fbAQLP

exports[`FullPageDimmer should render FullPageDimmer 1`] = `
<div
  style={
    Object {
      "height": "100%",
    }
  }
>
  <Dimmer
    active={true}
    inverted={true}
  >
    <Loader
      size="massive"
    >
      lol
    </Loader>
  </Dimmer>
</div>
`;
