// Jest Snapshot v1, https://goo.gl/fbAQLP

exports[`<TextareaSpoiler> should render hidden TextareaSpoiler 1`] = `
<div
  className="TextareaSpoiler"
>
  <div
    className="show-hidden"
    onClick={[Function]}
  >
    <FormattedMessage
      defaultMessage="Show"
      id="features.Common.messages.show"
      values={Object {}}
    />
  </div>
</div>
`;

exports[`<TextareaSpoiler> should render shown TextareaSpoiler 1`] = `
<div
  className="TextareaSpoiler"
>
  <div
    className="hide-shown"
    onClick={[Function]}
  >
    <FormattedMessage
      defaultMessage="Hide"
      id="features.Common.messages.hide"
      values={Object {}}
    />
  </div>
  <styled.textarea
    className="response-data"
    readOnly={true}
    rows={6}
    value="result"
  />
</div>
`;
