// Jest Snapshot v1, https://goo.gl/fbAQLP

exports[`Response should render Response.Error 1`] = `
<RpcError
  error={
    Object {
      "data": Array [],
      "message": "test",
    }
  }
/>
`;

exports[`Response should render Response.Result 1`] = `
<Result
  result={1}
/>
`;
