// Jest Snapshot v1, https://goo.gl/fbAQLP

exports[`Result should render Result.BooleanCard 1`] = `
<BooleanCard
  result={true}
/>
`;

exports[`Result should render Result.ObjectTreeViewWidget[Array] 1`] = `
<ObjectTreeViewWidget
  result={
    Array [
      1,
      2,
      3,
    ]
  }
/>
`;

exports[`Result should render Result.ObjectTreeViewWidget[Object] 1`] = `
<ObjectTreeViewWidget
  result={
    Object {
      "a": 1,
      "b": 2,
      "c": 3,
    }
  }
/>
`;

exports[`Result should render Result.StringCard 1`] = `
<StringCard
  result="1"
/>
`;

exports[`Result should render image 1`] = `
<ImageCard
  dataUri="data:image/gif;charset=utf-8;base64,R0lGODlhYABgAIABAAAAAP///yH5BAEKAAEALAAAAABgAGAAAAL+jI+py+0Po5y02ouz3rz7D4biSJbmiabqyrbuC8fyTNcqANguzuf63cP9UMHgkFQsHj/Jpm+5cSYdPEMPilBmrwypEBvQJr5d73NpvJjPR67ajHVj4Gi5xglNd6Z5e1Tf5vdX1UfIJKhjeIhYwfjGtgc4J5lByWHZKHbnOKn4iJnpGSkaCkphWkmW2jRIWqa6wAlB1wnbgIr6sLbpOmaaS0VbC6mgWSyru9Z7i8sJHKxsm+xMvSwRLQ1tnWt9zRf2vMVoHJttQRnu60p+bD4B6j6L3twtXz9cxTp9z8x/jm3PXzmBpfB4Q6aNGAgvpS4hdJjuAMF28UJEBFdxn0KfExMvSmRXKOMrjy9IYjTZgqRBMFYeqvvGcuJHfTFFjoRZR+auOC7FSQGjcmdOmy9/Du2oh6YNnAezofQgrGk/maOEBtwIkgi2jUW1xdhaMWvLGWCvcl0K0CzLmQwjPN2h1G1PtETZ1l1r9i7eqXP33qTq12ffwEUBE245+LDgs4qvNm7F+HFCyav0Uj4Z+XI5zZw7e/4MOrTo0aRLnygAADs="
/>
`;

exports[`Result should render null 1`] = `
<div>
  null
</div>
`;
